CREATE EXTENSION pg_batch;
LOAD 'pg_batch';
SET max_parallel_workers_per_gather = 0;
SET jit = off;
CREATE TABLE pg_batch_test AS
SELECT g AS c1,
       repeat('x', g % 17) AS padding,
       CASE WHEN g % 13 = 0 THEN NULL ELSE g + 2 END AS c2,
       g + 3 AS c3,
       g + 4 AS c4,
       g + 5 AS c5,
       repeat('y', g % 19) AS padding2,
       g::bigint AS padding3,
       CASE WHEN g % 11 = 0 THEN NULL ELSE repeat('z', g % 23) END AS padding4,
       g + 6 AS c6
FROM generate_series(1, 80) AS g;
ANALYZE pg_batch_test;
EXPLAIN (ANALYZE, BUFFERS OFF, COSTS OFF, TIMING OFF, SUMMARY OFF)
SELECT c6 FROM pg_batch_test WHERE c2 < 10;
                                 QUERY PLAN                                  
-----------------------------------------------------------------------------
 Custom Scan (PgBatchFilterProject) (actual rows=7.00 loops=1)
   Input Batches: 1
   Input Rows: 7
   Output Rows: 7
   ->  Custom Scan (PgBatchScan) on pg_batch_test (actual rows=7.00 loops=1)
         Batch Size: 64
         Batch Source: Heap
         Batches: 2
         Source Rows: 80
         Filter Datums: 80
         Projection Datums: 7
         Restarted Projection Datums: 0
(12 rows)

EXPLAIN (ANALYZE, BUFFERS OFF, COSTS OFF, TIMING OFF, SUMMARY OFF)
SELECT c2 FROM pg_batch_test WHERE c6 < 14;
                                 QUERY PLAN                                  
-----------------------------------------------------------------------------
 Custom Scan (PgBatchFilterProject) (actual rows=7.00 loops=1)
   Input Batches: 1
   Input Rows: 7
   Output Rows: 7
   ->  Custom Scan (PgBatchScan) on pg_batch_test (actual rows=7.00 loops=1)
         Batch Size: 64
         Batch Source: Heap
         Batches: 2
         Source Rows: 80
         Filter Datums: 80
         Projection Datums: 7
         Restarted Projection Datums: 7
(12 rows)

EXPLAIN (ANALYZE, BUFFERS OFF, COSTS OFF, TIMING OFF, SUMMARY OFF)
SELECT c1, c3, c6 FROM pg_batch_test WHERE c4 < 14;
                                 QUERY PLAN                                  
-----------------------------------------------------------------------------
 Custom Scan (PgBatchFilterProject) (actual rows=9.00 loops=1)
   Input Batches: 1
   Input Rows: 9
   Output Rows: 9
   ->  Custom Scan (PgBatchScan) on pg_batch_test (actual rows=9.00 loops=1)
         Batch Size: 64
         Batch Source: Heap
         Batches: 2
         Source Rows: 80
         Filter Datums: 80
         Projection Datums: 27
         Restarted Projection Datums: 18
(12 rows)

EXPLAIN (ANALYZE, BUFFERS OFF, COSTS OFF, TIMING OFF, SUMMARY OFF)
SELECT count(*) FROM pg_batch_test WHERE c2 < 10;
                                    QUERY PLAN                                     
-----------------------------------------------------------------------------------
 Custom Scan (PgBatchAgg) (actual rows=1.00 loops=1)
   Input Batches: 1
   Input Rows: 7
   ->  Custom Scan (PgBatchFilterProject) (actual rows=7.00 loops=1)
         Input Batches: 1
         Input Rows: 7
         Output Rows: 7
         ->  Custom Scan (PgBatchScan) on pg_batch_test (actual rows=7.00 loops=1)
               Batch Size: 64
               Batch Source: Heap
               Batches: 2
               Source Rows: 80
               Filter Datums: 80
               Projection Datums: 0
               Restarted Projection Datums: 0
(15 rows)

EXPLAIN (COSTS OFF)
SELECT c6 FROM pg_batch_test WHERE (c2 + c3) % 7 = 0;
           QUERY PLAN            
---------------------------------
 Seq Scan on pg_batch_test
   Filter: (((c2 + c3) % 7) = 0)
(2 rows)

EXPLAIN (COSTS OFF)
SELECT count(*) FROM pg_batch_test WHERE (c2 + c3) % 7 = 0;
              QUERY PLAN               
---------------------------------------
 Aggregate
   ->  Seq Scan on pg_batch_test
         Filter: (((c2 + c3) % 7) = 0)
(3 rows)

EXPLAIN (COSTS OFF)
SELECT count(*) FROM pg_batch_test;
                       QUERY PLAN                       
--------------------------------------------------------
 Custom Scan (PgBatchAgg)
   ->  Custom Scan (PgBatchFilterProject)
         ->  Custom Scan (PgBatchScan) on pg_batch_test
               Batch Size: 64
               Batch Source: Heap
(5 rows)

EXPLAIN (COSTS OFF)
SELECT c6 FROM pg_batch_test
WHERE c4 > 10 AND (c2 + c3) % 7 = 0;
                    QUERY PLAN                    
--------------------------------------------------
 Custom Scan (PgBatchFilterProject)
   Filter: (((c2 + c3) % 7) = 0)
   ->  Custom Scan (PgBatchScan) on pg_batch_test
         Batch Size: 64
         Batch Source: Heap
(5 rows)

SET pg_batch.enable = on;
CREATE TEMP TABLE batch_result AS
SELECT c1, c3, c6
FROM pg_batch_test
WHERE (c2 + c3) % 7 = 0 AND c4 > 10;
CREATE TEMP TABLE batch_agg AS
SELECT count(*) AS n, count(c6) AS nn, sum(c2) AS total
FROM pg_batch_test
WHERE c3 > 30;
SET pg_batch.enable = off;
CREATE TEMP TABLE plain_result AS
SELECT c1, c3, c6
FROM pg_batch_test
WHERE (c2 + c3) % 7 = 0 AND c4 > 10;
CREATE TEMP TABLE plain_agg AS
SELECT count(*) AS n, count(c6) AS nn, sum(c2) AS total
FROM pg_batch_test
WHERE c3 > 30;
SELECT NOT EXISTS (
           (TABLE batch_result EXCEPT ALL TABLE plain_result)
           UNION ALL
           (TABLE plain_result EXCEPT ALL TABLE batch_result)
       ) AS rows_match,
       NOT EXISTS (
           (TABLE batch_agg EXCEPT ALL TABLE plain_agg)
           UNION ALL
           (TABLE plain_agg EXCEPT ALL TABLE batch_agg)
       ) AS aggregates_match;
 rows_match | aggregates_match 
------------+------------------
 t          | t
(1 row)

SET pg_batch.enable = on;
CREATE TEMP TABLE batch_varlena AS
SELECT c1, padding, padding4
FROM pg_batch_test
WHERE c2 < 30;
SET pg_batch.enable = off;
CREATE TEMP TABLE plain_varlena AS
SELECT c1, padding, padding4
FROM pg_batch_test
WHERE c2 < 30;
SELECT NOT EXISTS (
           (TABLE batch_varlena EXCEPT ALL TABLE plain_varlena)
           UNION ALL
           (TABLE plain_varlena EXCEPT ALL TABLE batch_varlena)
       ) AS varlena_rows_match;
 varlena_rows_match 
--------------------
 t
(1 row)

CREATE TABLE pg_batch_guaranteed
(
    c1 integer NOT NULL,
    c2 integer NOT NULL,
    padding text,
    c4 bigint
);
INSERT INTO pg_batch_guaranteed
SELECT g, g + 1, repeat('g', g % 9), g + 3
FROM generate_series(1, 20) AS g;
ANALYZE pg_batch_guaranteed;
SET pg_batch.enable = on;
CREATE TEMP TABLE batch_guaranteed AS
SELECT c1, c4 FROM pg_batch_guaranteed WHERE c2 < 10;
SET pg_batch.enable = off;
CREATE TEMP TABLE plain_guaranteed AS
SELECT c1, c4 FROM pg_batch_guaranteed WHERE c2 < 10;
SELECT NOT EXISTS (
           (TABLE batch_guaranteed EXCEPT ALL TABLE plain_guaranteed)
           UNION ALL
           (TABLE plain_guaranteed EXCEPT ALL TABLE batch_guaranteed)
       ) AS guaranteed_rows_match;
 guaranteed_rows_match 
-----------------------
 t
(1 row)

DROP TABLE pg_batch_guaranteed;
CREATE TABLE pg_batch_missing(c1 integer);
INSERT INTO pg_batch_missing VALUES (1), (2);
ALTER TABLE pg_batch_missing ADD COLUMN c2 text;
ANALYZE pg_batch_missing;
SET pg_batch.enable = on;
CREATE TEMP TABLE batch_missing AS
SELECT c1, c2 FROM pg_batch_missing WHERE c1 > 0;
SET pg_batch.enable = off;
CREATE TEMP TABLE plain_missing AS
SELECT c1, c2 FROM pg_batch_missing WHERE c1 > 0;
SELECT NOT EXISTS (
           (TABLE batch_missing EXCEPT ALL TABLE plain_missing)
           UNION ALL
           (TABLE plain_missing EXCEPT ALL TABLE batch_missing)
       ) AS missing_rows_match;
 missing_rows_match 
--------------------
 t
(1 row)

DROP TABLE pg_batch_missing;
SET pg_batch.enable = on;
PREPARE pg_batch_parameter(integer) AS
SELECT count(*), sum(c6) FROM pg_batch_test WHERE c2 < $1;
EXECUTE pg_batch_parameter(10);
 count | sum 
-------+-----
     7 |  70
(1 row)

DEALLOCATE pg_batch_parameter;
SELECT count(*), sum(c2) FROM pg_batch_test WHERE false;
 count | sum 
-------+-----
     0 |    
(1 row)

CREATE TABLE pg_batch_arrow AS
SELECT g AS c1,
       CASE WHEN g % 7 = 0 THEN NULL ELSE g + 1 END AS c2,
       CASE WHEN g % 2 = 0
            THEN 2147483647 - g
            ELSE -2147483647 + g
       END AS c3,
       g * 1000 AS c4
FROM generate_series(1, 130) AS g;
ANALYZE pg_batch_arrow;
SET pg_batch.enable = off;
CREATE TEMP TABLE plain_arrow_rows AS
SELECT c1, c3
FROM pg_batch_arrow
WHERE c2 < 100 AND (c1 + c3) % 5 = 0;
CREATE TEMP TABLE plain_arrow_agg AS
SELECT count(*) AS n, count(c2) AS nn, sum(c1) AS total,
       sum(c4) AS delta16_total
FROM pg_batch_arrow
WHERE c2 < 100;
SELECT pg_batch_compress('pg_batch_arrow') > 0 AS compressed;
 compressed 
------------
 t
(1 row)

SET pg_batch.enable = on;
SET pg_batch.use_compressed = on;
EXPLAIN (ANALYZE, BUFFERS OFF, COSTS OFF, TIMING OFF, SUMMARY OFF)
SELECT count(*), count(c2), sum(c1), sum(c4)
FROM pg_batch_arrow
WHERE c2 < 100;
                                     QUERY PLAN                                      
-------------------------------------------------------------------------------------
 Custom Scan (PgBatchAgg) (actual rows=1.00 loops=1)
   Input Batches: 2
   Input Rows: 84
   ->  Custom Scan (PgBatchFilterProject) (actual rows=84.00 loops=1)
         Input Batches: 2
         Input Rows: 84
         Output Rows: 84
         ->  Custom Scan (PgBatchScan) on pg_batch_arrow (actual rows=84.00 loops=1)
               Batch Size: 64
               Batch Source: Compressed Arrow
               Batches: 3
               Source Rows: 130
               Filter Datums: 0
               Projection Datums: 0
               Restarted Projection Datums: 0
               Arrow Filter Columns: 3
               Arrow Projection Columns: 4
               Arrow Decoded Values: 386
(18 rows)

CREATE TEMP TABLE compressed_arrow_rows AS
SELECT c1, c3
FROM pg_batch_arrow
WHERE c2 < 100 AND (c1 + c3) % 5 = 0;
CREATE TEMP TABLE compressed_arrow_agg AS
SELECT count(*) AS n, count(c2) AS nn, sum(c1) AS total,
       sum(c4) AS delta16_total
FROM pg_batch_arrow
WHERE c2 < 100;
SELECT NOT EXISTS (
           (TABLE compressed_arrow_rows EXCEPT ALL TABLE plain_arrow_rows)
           UNION ALL
           (TABLE plain_arrow_rows EXCEPT ALL TABLE compressed_arrow_rows)
       ) AS arrow_rows_match,
       NOT EXISTS (
           (TABLE compressed_arrow_agg EXCEPT ALL TABLE plain_arrow_agg)
           UNION ALL
           (TABLE plain_arrow_agg EXCEPT ALL TABLE compressed_arrow_agg)
       ) AS arrow_aggregates_match;
 arrow_rows_match | arrow_aggregates_match 
------------------+------------------------
 t                | t
(1 row)

SELECT pg_batch_compress('pg_batch_arrow') > 0 AS recompressed;
 recompressed 
--------------
 t
(1 row)

DROP TABLE pg_batch_arrow;
DROP TABLE pg_batch_test;
DROP EXTENSION pg_batch;
